// Jest Snapshot v1, https://goo.gl/fbAQLP

exports[`Sticky Props :base 1`] = `
<main>
  <wx-view
    class="demo tdesign-demo-sticky-base"
  >
    <t-sticky
      id="base-sticky"
      bind:scroll="handleScroll"
    >
      <wx-view
        class="t-sticky t-class"
        style="z-index:99;"
      >
        <wx-view
          class="t-sticky__content"
          style="z-index:99;"
        >
          <t-button
            class="base-btn"
          >
            <wx-button
              appParameter=""
              ariaLabel=""
              class="t-button t-class t-button--default t-button--size-medium t-button--rectangle t-button--base t-class"
              data-custom="{{null}}"
              formType=""
              hoverClass="button-hover"
              hoverStartTime="{{20}}"
              hoverStayTime="{{70}}"
              hoverStopPropagation="{{false}}"
              lang="en"
              openType=""
              sendMessageImg=""
              sendMessagePath=""
              sendMessageTitle=""
              sessionFrom=""
              showMessageCard="{{false}}"
              style=""
              bind:chooseavatar="chooseavatar"
              bind:contact="contact"
              bind:error="error"
              bind:getphonenumber="getphonenumber"
              bind:getuserinfo="getuserinfo"
              bind:launchapp="launchapp"
              bind:opensetting="opensetting"
              catch:tap="handleTap"
            >
              <wx-view
                class="t-button__content"
              >
                
                基础吸顶 
              </wx-view>
            </wx-button>
          </t-button>
        </wx-view>
      </wx-view>
    </t-sticky>
    <t-sticky
      id="disabled-sticky"
      bind:scroll="handleScroll"
    >
      <wx-view
        class="t-sticky t-class"
        style="z-index:99;"
      >
        <wx-view
          class="t-sticky__content"
          style="z-index:99;"
        >
          <t-button
            class="base-btn"
          >
            <wx-button
              appParameter=""
              ariaLabel=""
              class="t-button t-class t-button--default t-button--size-medium t-button--rectangle t-button--base t-class"
              data-custom="{{null}}"
              formType=""
              hoverClass="button-hover"
              hoverStartTime="{{20}}"
              hoverStayTime="{{70}}"
              hoverStopPropagation="{{false}}"
              lang="en"
              openType=""
              sendMessageImg=""
              sendMessagePath=""
              sendMessageTitle=""
              sessionFrom=""
              showMessageCard="{{false}}"
              style=""
              bind:chooseavatar="chooseavatar"
              bind:contact="contact"
              bind:error="error"
              bind:getphonenumber="getphonenumber"
              bind:getuserinfo="getuserinfo"
              bind:launchapp="launchapp"
              bind:opensetting="opensetting"
              catch:tap="handleTap"
            >
              <wx-view
                class="t-button__content"
              >
                
                禁用吸顶 
              </wx-view>
            </wx-button>
          </t-button>
        </wx-view>
      </wx-view>
    </t-sticky>
    <t-sticky
      id="offset-top-sticky"
      bind:scroll="handleScroll"
    >
      <wx-view
        class="t-sticky t-class"
        style="z-index:99;"
      >
        <wx-view
          class="t-sticky__content"
          style="z-index:99;"
        >
          <t-button
            class="base-btn"
          >
            <wx-button
              appParameter=""
              ariaLabel=""
              class="t-button t-class t-button--default t-button--size-medium t-button--rectangle t-button--base t-class"
              data-custom="{{null}}"
              formType=""
              hoverClass="button-hover"
              hoverStartTime="{{20}}"
              hoverStayTime="{{70}}"
              hoverStopPropagation="{{false}}"
              lang="en"
              openType=""
              sendMessageImg=""
              sendMessagePath=""
              sendMessageTitle=""
              sessionFrom=""
              showMessageCard="{{false}}"
              style=""
              bind:chooseavatar="chooseavatar"
              bind:contact="contact"
              bind:error="error"
              bind:getphonenumber="getphonenumber"
              bind:getuserinfo="getuserinfo"
              bind:launchapp="launchapp"
              bind:opensetting="opensetting"
              catch:tap="handleTap"
            >
              <wx-view
                class="t-button__content"
              >
                
                offsetTop吸顶 
              </wx-view>
            </wx-button>
          </t-button>
        </wx-view>
      </wx-view>
    </t-sticky>
    <wx-view
      class="wrapper"
    >
      <t-sticky
        id="container-sticky"
      >
        <wx-view
          class="t-sticky t-class"
          style="z-index:99;"
        >
          <wx-view
            class="t-sticky__content"
            style="z-index:99;"
          >
            <t-button
              class="container-btn"
            >
              <wx-button
                appParameter=""
                ariaLabel=""
                class="t-button t-class t-button--default t-button--size-medium t-button--rectangle t-button--base t-class"
                data-custom="{{null}}"
                formType=""
                hoverClass="button-hover"
                hoverStartTime="{{20}}"
                hoverStayTime="{{70}}"
                hoverStopPropagation="{{false}}"
                lang="en"
                openType=""
                sendMessageImg=""
                sendMessagePath=""
                sendMessageTitle=""
                sessionFrom=""
                showMessageCard="{{false}}"
                style=""
                bind:chooseavatar="chooseavatar"
                bind:contact="contact"
                bind:error="error"
                bind:getphonenumber="getphonenumber"
                bind:getuserinfo="getuserinfo"
                bind:launchapp="launchapp"
                bind:opensetting="opensetting"
                catch:tap="handleTap"
              >
                <wx-view
                  class="t-button__content"
                >
                  
                  指定容器
                </wx-view>
              </wx-button>
            </t-button>
          </wx-view>
        </wx-view>
      </t-sticky>
    </wx-view>
  </wx-view>
</main>
`;
