// Jest Snapshot v1, https://goo.gl/fbAQLP

exports[`swiper props : direction 1`] = `
<t-swiper-complex>
  <t-swiper
    id="swiper1"
    bind:change="onChange"
  >
    <wx-view
      class="t-class t-swiper"
      id="swiper"
      style=""
    >
      <wx-view
        $gdc="{{[Function]}}"
        $wxs:bindtouchcancel="{{[Function]}}"
        $wxs:bindtouchend="{{[Function]}}"
        $wxs:bindtouchstart="{{[Function]}}"
        $wxs:capture-catch:touchmove="{{[Function]}}"
        $wxs:change:currentInited="{{[Function]}}"
        $wxs:change:direction="{{[Function]}}"
        $wxs:change:height="{{[Function]}}"
        $wxs:change:offsetX="{{[Function]}}"
        $wxs:change:offsetY="{{[Function]}}"
        $wxs:change:total="{{[Function]}}"
        $wxs:change:width="{{[Function]}}"
        class="t-swiper__container {{prefix}}-is-hidden"
        currentInited="{{true}}"
        direction="vertical"
        height="{{0}}"
        id="swiperContainer"
        offsetX="{{-0}}"
        offsetY="{{-0}}"
        style="transition-duration: 0.1s;transition-timing-function:linear;"
        total="{{5}}"
        width="{{0}}"
      >
        <t-swiper-item
          id="number-0"
        >
          <wx-view
            class="t-swiper-item"
            style="transform: translate(0px, 0%) translateZ(0px);"
          >
            <wx-image
              class="img"
              src="https://tdesign.gtimg.com/site/swiper/01.png"
            />
          </wx-view>
        </t-swiper-item>
        <t-swiper-item
          id="number-1"
        >
          <wx-view
            class="t-swiper-item"
            style="transform: translate(0px, 100%) translateZ(0px);"
          >
            <wx-image
              class="img"
              src="https://tdesign.gtimg.com/site/swiper/02.png"
            />
          </wx-view>
        </t-swiper-item>
        <t-swiper-item
          id="number-2"
        >
          <wx-view
            class="t-swiper-item"
            style="transform: translate(0px, 200%) translateZ(0px);"
          >
            <wx-image
              class="img"
              src="https://tdesign.gtimg.com/site/swiper/03.png"
            />
          </wx-view>
        </t-swiper-item>
        <t-swiper-item
          id="number-3"
        >
          <wx-view
            class="t-swiper-item"
            style="transform: translate(0px, 300%) translateZ(0px);"
          >
            <wx-image
              class="img"
              src="https://tdesign.gtimg.com/site/swiper/04.png"
            />
          </wx-view>
        </t-swiper-item>
        <t-swiper-item
          id="number-4"
        >
          <wx-view
            class="t-swiper-item"
            style="transform: translate(0px, 400%) translateZ(0px);"
          >
            <wx-image
              class="img"
              src="https://tdesign.gtimg.com/site/swiper/05.png"
            />
          </wx-view>
        </t-swiper-item>
      </wx-view>
      <t-swiper-nav
        id="swiperNav"
        bind:navBtnChange="onSwiperNavBtnChange"
      >
        <wx-view
          class="t-class t-swiper-nav t-swiper-nav--vertical t-swiper-nav--position-bottom-right"
        >
          <wx-view
            class="t-swiper-nav__fraction"
          >
             2/5 
          </wx-view>
        </wx-view>
      </t-swiper-nav>
    </wx-view>
  </t-swiper>
  <t-swiper
    id="swiper2"
    bind:change="onChange"
  >
    <wx-view
      class="t-class t-swiper"
      id="swiper"
      style=""
    >
      <wx-view
        $gdc="{{[Function]}}"
        $wxs:bindtouchcancel="{{[Function]}}"
        $wxs:bindtouchend="{{[Function]}}"
        $wxs:bindtouchstart="{{[Function]}}"
        $wxs:capture-catch:touchmove="{{[Function]}}"
        $wxs:change:currentInited="{{[Function]}}"
        $wxs:change:direction="{{[Function]}}"
        $wxs:change:height="{{[Function]}}"
        $wxs:change:offsetX="{{[Function]}}"
        $wxs:change:offsetY="{{[Function]}}"
        $wxs:change:total="{{[Function]}}"
        $wxs:change:width="{{[Function]}}"
        class="t-swiper__container {{prefix}}-is-hidden"
        currentInited="{{true}}"
        direction="horizontal"
        height="{{0}}"
        id="swiperContainer"
        offsetX="{{-0}}"
        offsetY="{{0}}"
        style="transition-duration: 0.3s;transition-timing-function:linear;"
        total="{{2}}"
        width="{{0}}"
      >
        <t-swiper-item
          id="number-0"
        >
          <wx-view
            class="t-swiper-item"
            style="transform: translate(0%, 0px) translateZ(0px);"
          >
            <wx-image
              class="img"
              src="https://tdesign.gtimg.com/site/swiper/01.png"
            />
          </wx-view>
        </t-swiper-item>
        <t-swiper-item
          id="number-1"
        >
          <wx-view
            class="t-swiper-item"
            style="transform: translate(100%, 0px) translateZ(0px);"
          >
            <wx-image
              class="img"
              src="https://tdesign.gtimg.com/site/swiper/02.png"
            />
          </wx-view>
        </t-swiper-item>
      </wx-view>
      <t-swiper-nav
        id="customNav"
        slot="nav"
      >
        <wx-view
          class="t-class t-swiper-nav t-swiper-nav--horizontal t-swiper-nav--position-bottom"
        >
          <wx-view
            class="t-swiper-nav__dots-bar"
          >
            <wx-view
              class="t-swiper-nav__dots-bar-item "
            />
            <wx-view
              class="t-swiper-nav__dots-bar-item t-is-active"
            />
          </wx-view>
          <wx-view
            class="t-swiper-nav__btn"
          >
            <wx-view
              class="t-swiper-nav__btn--prev"
              data-dir="prev"
              bind:tap="nav"
            />
            <wx-view
              class="t-swiper-nav__btn--next"
              data-dir="next"
              bind:tap="nav"
            />
          </wx-view>
        </wx-view>
      </t-swiper-nav>
    </wx-view>
  </t-swiper>
</t-swiper-complex>
`;
