// Jest Snapshot v1, https://goo.gl/fbAQLP

exports[`Avatar & Avatar Groups Avatar Props : style && customStyle 1`] = `
<main>
  <main
    class="avatar"
  >
    <wx-view
      class="t-avatar__wrapper class t-class"
      style="color: red; font-size: 9px;"
    >
      <t-badge
        tClass=""
        tClassContent=""
        tClassCount=""
      >
        <wx-view
          ariaDescribedby="t_badge_0_description"
          ariaLabelledby="t_badge_0_label"
          ariaRole="option"
          class="t-badge  class t-class"
          style=""
        >
          <wx-view
            ariaHidden="true"
            class="t-badge__content t-class-content"
            id="t_badge_0_label"
          >
            <wx-view
              ariaHidden="{{false}}"
              ariaLabel="头像"
              ariaRole="img"
              class="t-avatar t-avatar--circle  t-avatar--medium t-class-image"
              style=""
            >
              <wx-view
                class="t-avatar__text t-class-content"
              />
            </wx-view>
          </wx-view>
        </wx-view>
      </t-badge>
    </wx-view>
  </main>
</main>
`;
