// Jest Snapshot v1, https://goo.gl/fbAQLP

exports[`Fab Fab advance demo works fine 1`] = `
<advance>
  <t-fab
    buttonProps="{{
      Object {
        "icon": "share",
        "openType": "share",
      }
    }}"
    icon="add"
    text="分享给朋友"
    bind:click="handleClick"
  />
</advance>
`;

exports[`Fab Fab base demo works fine 1`] = `
<base>
  <t-fab
    ariaLabel="增加"
    icon="add"
    bind:click="handleClick"
  />
</base>
`;

exports[`Fab Fab draggable demo works fine 1`] = `
<draggable>
  <t-fab
    ariaLabel="增加"
    draggable="{{true}}"
    icon="gesture-press"
    text="拖我"
    usingCustomNavbar="{{true}}"
    bind:click="handleClick"
    bind:move="handleMove"
  />
</draggable>
`;
