// Jest Snapshot v1, https://goo.gl/fbAQLP

exports[`Icon Icon base demo works fine 1`] = `
<base>
  <wx-view
    class="demo__list"
  >
    <wx-view
      class="demo__card"
    >
      <t-icon
        data-name="add-circle"
        name="add-circle"
        size="48rpx"
        bind:click="onIconTap"
      />
      <wx-view
        class="demo__card-name"
      >
        add-circle
      </wx-view>
    </wx-view>
    <wx-view
      class="demo__card"
    >
      <t-icon
        data-name="add-rectangle"
        name="add-rectangle"
        size="48rpx"
        bind:click="onIconTap"
      />
      <wx-view
        class="demo__card-name"
      >
        add-rectangle
      </wx-view>
    </wx-view>
    <wx-view
      class="demo__card"
    >
      <t-icon
        data-name="add"
        name="add"
        size="48rpx"
        bind:click="onIconTap"
      />
      <wx-view
        class="demo__card-name"
      >
        add
      </wx-view>
    </wx-view>
    <wx-view
      class="demo__card"
    >
      <t-icon
        data-name="app"
        name="app"
        size="48rpx"
        bind:click="onIconTap"
      />
      <wx-view
        class="demo__card-name"
      >
        app
      </wx-view>
    </wx-view>
    <wx-view
      class="demo__card"
    >
      <t-icon
        data-name="arrow-down-rectangle"
        name="arrow-down-rectangle"
        size="48rpx"
        bind:click="onIconTap"
      />
      <wx-view
        class="demo__card-name"
      >
        arrow-down-rectangle
      </wx-view>
    </wx-view>
    <wx-view
      class="demo__card"
    >
      <t-icon
        data-name="arrow-down"
        name="arrow-down"
        size="48rpx"
        bind:click="onIconTap"
      />
      <wx-view
        class="demo__card-name"
      >
        arrow-down
      </wx-view>
    </wx-view>
    <wx-view
      class="demo__card"
    >
      <t-icon
        data-name="arrow-left"
        name="arrow-left"
        size="48rpx"
        bind:click="onIconTap"
      />
      <wx-view
        class="demo__card-name"
      >
        arrow-left
      </wx-view>
    </wx-view>
    <wx-view
      class="demo__card"
    >
      <t-icon
        data-name="arrow-right"
        name="arrow-right"
        size="48rpx"
        bind:click="onIconTap"
      />
      <wx-view
        class="demo__card-name"
      >
        arrow-right
      </wx-view>
    </wx-view>
    <wx-view
      class="demo__card"
    >
      <t-icon
        data-name="arrow-up"
        name="arrow-up"
        size="48rpx"
        bind:click="onIconTap"
      />
      <wx-view
        class="demo__card-name"
      >
        arrow-up
      </wx-view>
    </wx-view>
    <wx-view
      class="demo__card"
    >
      <t-icon
        data-name="attach"
        name="attach"
        size="48rpx"
        bind:click="onIconTap"
      />
      <wx-view
        class="demo__card-name"
      >
        attach
      </wx-view>
    </wx-view>
    <wx-view
      class="demo__card"
    >
      <t-icon
        data-name="backtop-rectangle"
        name="backtop-rectangle"
        size="48rpx"
        bind:click="onIconTap"
      />
      <wx-view
        class="demo__card-name"
      >
        backtop-rectangle
      </wx-view>
    </wx-view>
    <wx-view
      class="demo__card"
    >
      <t-icon
        data-name="backtop"
        name="backtop"
        size="48rpx"
        bind:click="onIconTap"
      />
      <wx-view
        class="demo__card-name"
      >
        backtop
      </wx-view>
    </wx-view>
    <wx-view
      class="demo__card"
    >
      <t-icon
        data-name="backward"
        name="backward"
        size="48rpx"
        bind:click="onIconTap"
      />
      <wx-view
        class="demo__card-name"
      >
        backward
      </wx-view>
    </wx-view>
    <wx-view
      class="demo__card"
    >
      <t-icon
        data-name="barcode"
        name="barcode"
        size="48rpx"
        bind:click="onIconTap"
      />
      <wx-view
        class="demo__card-name"
      >
        barcode
      </wx-view>
    </wx-view>
    <wx-view
      class="demo__card"
    >
      <t-icon
        data-name="books"
        name="books"
        size="48rpx"
        bind:click="onIconTap"
      />
      <wx-view
        class="demo__card-name"
      >
        books
      </wx-view>
    </wx-view>
    <wx-view
      class="demo__card"
    >
      <t-icon
        data-name="browse-off"
        name="browse-off"
        size="48rpx"
        bind:click="onIconTap"
      />
      <wx-view
        class="demo__card-name"
      >
        browse-off
      </wx-view>
    </wx-view>
    <wx-view
      class="demo__card"
    >
      <t-icon
        data-name="browse"
        name="browse"
        size="48rpx"
        bind:click="onIconTap"
      />
      <wx-view
        class="demo__card-name"
      >
        browse
      </wx-view>
    </wx-view>
    <wx-view
      class="demo__card"
    >
      <t-icon
        data-name="bulletpoint"
        name="bulletpoint"
        size="48rpx"
        bind:click="onIconTap"
      />
      <wx-view
        class="demo__card-name"
      >
        bulletpoint
      </wx-view>
    </wx-view>
    <wx-view
      class="demo__card"
    >
      <t-icon
        data-name="calendar"
        name="calendar"
        size="48rpx"
        bind:click="onIconTap"
      />
      <wx-view
        class="demo__card-name"
      >
        calendar
      </wx-view>
    </wx-view>
    <wx-view
      class="demo__card"
    >
      <t-icon
        data-name="call"
        name="call"
        size="48rpx"
        bind:click="onIconTap"
      />
      <wx-view
        class="demo__card-name"
      >
        call
      </wx-view>
    </wx-view>
    <wx-view
      class="demo__card"
    >
      <t-icon
        data-name="caret-down-small"
        name="caret-down-small"
        size="48rpx"
        bind:click="onIconTap"
      />
      <wx-view
        class="demo__card-name"
      >
        caret-down-small
      </wx-view>
    </wx-view>
    <wx-view
      class="demo__card"
    >
      <t-icon
        data-name="caret-down"
        name="caret-down"
        size="48rpx"
        bind:click="onIconTap"
      />
      <wx-view
        class="demo__card-name"
      >
        caret-down
      </wx-view>
    </wx-view>
    <wx-view
      class="demo__card"
    >
      <t-icon
        data-name="caret-left-small"
        name="caret-left-small"
        size="48rpx"
        bind:click="onIconTap"
      />
      <wx-view
        class="demo__card-name"
      >
        caret-left-small
      </wx-view>
    </wx-view>
    <wx-view
      class="demo__card"
    >
      <t-icon
        data-name="caret-left"
        name="caret-left"
        size="48rpx"
        bind:click="onIconTap"
      />
      <wx-view
        class="demo__card-name"
      >
        caret-left
      </wx-view>
    </wx-view>
    <wx-view
      class="demo__card"
    >
      <t-icon
        data-name="caret-right-small"
        name="caret-right-small"
        size="48rpx"
        bind:click="onIconTap"
      />
      <wx-view
        class="demo__card-name"
      >
        caret-right-small
      </wx-view>
    </wx-view>
    <wx-view
      class="demo__card"
    >
      <t-icon
        data-name="caret-right"
        name="caret-right"
        size="48rpx"
        bind:click="onIconTap"
      />
      <wx-view
        class="demo__card-name"
      >
        caret-right
      </wx-view>
    </wx-view>
    <wx-view
      class="demo__card"
    >
      <t-icon
        data-name="caret-up-small"
        name="caret-up-small"
        size="48rpx"
        bind:click="onIconTap"
      />
      <wx-view
        class="demo__card-name"
      >
        caret-up-small
      </wx-view>
    </wx-view>
    <wx-view
      class="demo__card"
    >
      <t-icon
        data-name="caret-up"
        name="caret-up"
        size="48rpx"
        bind:click="onIconTap"
      />
      <wx-view
        class="demo__card-name"
      >
        caret-up
      </wx-view>
    </wx-view>
    <wx-view
      class="demo__card"
    >
      <t-icon
        data-name="cart"
        name="cart"
        size="48rpx"
        bind:click="onIconTap"
      />
      <wx-view
        class="demo__card-name"
      >
        cart
      </wx-view>
    </wx-view>
    <wx-view
      class="demo__card"
    >
      <t-icon
        data-name="chart-bar"
        name="chart-bar"
        size="48rpx"
        bind:click="onIconTap"
      />
      <wx-view
        class="demo__card-name"
      >
        chart-bar
      </wx-view>
    </wx-view>
    <wx-view
      class="demo__card"
    >
      <t-icon
        data-name="chart-bubble"
        name="chart-bubble"
        size="48rpx"
        bind:click="onIconTap"
      />
      <wx-view
        class="demo__card-name"
      >
        chart-bubble
      </wx-view>
    </wx-view>
    <wx-view
      class="demo__card"
    >
      <t-icon
        data-name="chart-pie"
        name="chart-pie"
        size="48rpx"
        bind:click="onIconTap"
      />
      <wx-view
        class="demo__card-name"
      >
        chart-pie
      </wx-view>
    </wx-view>
    <wx-view
      class="demo__card"
    >
      <t-icon
        data-name="chart"
        name="chart"
        size="48rpx"
        bind:click="onIconTap"
      />
      <wx-view
        class="demo__card-name"
      >
        chart
      </wx-view>
    </wx-view>
    <wx-view
      class="demo__card"
    >
      <t-icon
        data-name="chat"
        name="chat"
        size="48rpx"
        bind:click="onIconTap"
      />
      <wx-view
        class="demo__card-name"
      >
        chat
      </wx-view>
    </wx-view>
    <wx-view
      class="demo__card"
    >
      <t-icon
        data-name="check-circle-filled"
        name="check-circle-filled"
        size="48rpx"
        bind:click="onIconTap"
      />
      <wx-view
        class="demo__card-name"
      >
        check-circle-filled
      </wx-view>
    </wx-view>
    <wx-view
      class="demo__card"
    >
      <t-icon
        data-name="check-circle"
        name="check-circle"
        size="48rpx"
        bind:click="onIconTap"
      />
      <wx-view
        class="demo__card-name"
      >
        check-circle
      </wx-view>
    </wx-view>
    <wx-view
      class="demo__card"
    >
      <t-icon
        data-name="check-rectangle-filled"
        name="check-rectangle-filled"
        size="48rpx"
        bind:click="onIconTap"
      />
      <wx-view
        class="demo__card-name"
      >
        check-rectangle-filled
      </wx-view>
    </wx-view>
    <wx-view
      class="demo__card"
    >
      <t-icon
        data-name="check-rectangle"
        name="check-rectangle"
        size="48rpx"
        bind:click="onIconTap"
      />
      <wx-view
        class="demo__card-name"
      >
        check-rectangle
      </wx-view>
    </wx-view>
    <wx-view
      class="demo__card"
    >
      <t-icon
        data-name="check"
        name="check"
        size="48rpx"
        bind:click="onIconTap"
      />
      <wx-view
        class="demo__card-name"
      >
        check
      </wx-view>
    </wx-view>
    <wx-view
      class="demo__card"
    >
      <t-icon
        data-name="chevron-down-circle"
        name="chevron-down-circle"
        size="48rpx"
        bind:click="onIconTap"
      />
      <wx-view
        class="demo__card-name"
      >
        chevron-down-circle
      </wx-view>
    </wx-view>
    <wx-view
      class="demo__card"
    >
      <t-icon
        data-name="chevron-down-rectangle"
        name="chevron-down-rectangle"
        size="48rpx"
        bind:click="onIconTap"
      />
      <wx-view
        class="demo__card-name"
      >
        chevron-down-rectangle
      </wx-view>
    </wx-view>
    <wx-view
      class="demo__card"
    >
      <t-icon
        data-name="chevron-down"
        name="chevron-down"
        size="48rpx"
        bind:click="onIconTap"
      />
      <wx-view
        class="demo__card-name"
      >
        chevron-down
      </wx-view>
    </wx-view>
    <wx-view
      class="demo__card"
    >
      <t-icon
        data-name="chevron-left-circle"
        name="chevron-left-circle"
        size="48rpx"
        bind:click="onIconTap"
      />
      <wx-view
        class="demo__card-name"
      >
        chevron-left-circle
      </wx-view>
    </wx-view>
    <wx-view
      class="demo__card"
    >
      <t-icon
        data-name="chevron-left-double"
        name="chevron-left-double"
        size="48rpx"
        bind:click="onIconTap"
      />
      <wx-view
        class="demo__card-name"
      >
        chevron-left-double
      </wx-view>
    </wx-view>
    <wx-view
      class="demo__card"
    >
      <t-icon
        data-name="chevron-left-rectangle"
        name="chevron-left-rectangle"
        size="48rpx"
        bind:click="onIconTap"
      />
      <wx-view
        class="demo__card-name"
      >
        chevron-left-rectangle
      </wx-view>
    </wx-view>
    <wx-view
      class="demo__card"
    >
      <t-icon
        data-name="chevron-left"
        name="chevron-left"
        size="48rpx"
        bind:click="onIconTap"
      />
      <wx-view
        class="demo__card-name"
      >
        chevron-left
      </wx-view>
    </wx-view>
    <wx-view
      class="demo__card"
    >
      <t-icon
        data-name="chevron-right-circle"
        name="chevron-right-circle"
        size="48rpx"
        bind:click="onIconTap"
      />
      <wx-view
        class="demo__card-name"
      >
        chevron-right-circle
      </wx-view>
    </wx-view>
    <wx-view
      class="demo__card"
    >
      <t-icon
        data-name="chevron-right-double"
        name="chevron-right-double"
        size="48rpx"
        bind:click="onIconTap"
      />
      <wx-view
        class="demo__card-name"
      >
        chevron-right-double
      </wx-view>
    </wx-view>
    <wx-view
      class="demo__card"
    >
      <t-icon
        data-name="chevron-right-rectangle"
        name="chevron-right-rectangle"
        size="48rpx"
        bind:click="onIconTap"
      />
      <wx-view
        class="demo__card-name"
      >
        chevron-right-rectangle
      </wx-view>
    </wx-view>
    <wx-view
      class="demo__card"
    >
      <t-icon
        data-name="chevron-right"
        name="chevron-right"
        size="48rpx"
        bind:click="onIconTap"
      />
      <wx-view
        class="demo__card-name"
      >
        chevron-right
      </wx-view>
    </wx-view>
    <wx-view
      class="demo__card"
    >
      <t-icon
        data-name="chevron-up-circle"
        name="chevron-up-circle"
        size="48rpx"
        bind:click="onIconTap"
      />
      <wx-view
        class="demo__card-name"
      >
        chevron-up-circle
      </wx-view>
    </wx-view>
    <wx-view
      class="demo__card"
    >
      <t-icon
        data-name="chevron-up-rectangle"
        name="chevron-up-rectangle"
        size="48rpx"
        bind:click="onIconTap"
      />
      <wx-view
        class="demo__card-name"
      >
        chevron-up-rectangle
      </wx-view>
    </wx-view>
    <wx-view
      class="demo__card"
    >
      <t-icon
        data-name="chevron-up"
        name="chevron-up"
        size="48rpx"
        bind:click="onIconTap"
      />
      <wx-view
        class="demo__card-name"
      >
        chevron-up
      </wx-view>
    </wx-view>
    <wx-view
      class="demo__card"
    >
      <t-icon
        data-name="circle"
        name="circle"
        size="48rpx"
        bind:click="onIconTap"
      />
      <wx-view
        class="demo__card-name"
      >
        circle
      </wx-view>
    </wx-view>
    <wx-view
      class="demo__card"
    >
      <t-icon
        data-name="clear"
        name="clear"
        size="48rpx"
        bind:click="onIconTap"
      />
      <wx-view
        class="demo__card-name"
      >
        clear
      </wx-view>
    </wx-view>
    <wx-view
      class="demo__card"
    >
      <t-icon
        data-name="close-circle-filled"
        name="close-circle-filled"
        size="48rpx"
        bind:click="onIconTap"
      />
      <wx-view
        class="demo__card-name"
      >
        close-circle-filled
      </wx-view>
    </wx-view>
    <wx-view
      class="demo__card"
    >
      <t-icon
        data-name="close-circle"
        name="close-circle"
        size="48rpx"
        bind:click="onIconTap"
      />
      <wx-view
        class="demo__card-name"
      >
        close-circle
      </wx-view>
    </wx-view>
    <wx-view
      class="demo__card"
    >
      <t-icon
        data-name="close-rectangle"
        name="close-rectangle"
        size="48rpx"
        bind:click="onIconTap"
      />
      <wx-view
        class="demo__card-name"
      >
        close-rectangle
      </wx-view>
    </wx-view>
    <wx-view
      class="demo__card"
    >
      <t-icon
        data-name="close"
        name="close"
        size="48rpx"
        bind:click="onIconTap"
      />
      <wx-view
        class="demo__card-name"
      >
        close
      </wx-view>
    </wx-view>
    <wx-view
      class="demo__card"
    >
      <t-icon
        data-name="cloud-download"
        name="cloud-download"
        size="48rpx"
        bind:click="onIconTap"
      />
      <wx-view
        class="demo__card-name"
      >
        cloud-download
      </wx-view>
    </wx-view>
    <wx-view
      class="demo__card"
    >
      <t-icon
        data-name="cloud-upload"
        name="cloud-upload"
        size="48rpx"
        bind:click="onIconTap"
      />
      <wx-view
        class="demo__card-name"
      >
        cloud-upload
      </wx-view>
    </wx-view>
    <wx-view
      class="demo__card"
    >
      <t-icon
        data-name="cloud"
        name="cloud"
        size="48rpx"
        bind:click="onIconTap"
      />
      <wx-view
        class="demo__card-name"
      >
        cloud
      </wx-view>
    </wx-view>
    <wx-view
      class="demo__card"
    >
      <t-icon
        data-name="code"
        name="code"
        size="48rpx"
        bind:click="onIconTap"
      />
      <wx-view
        class="demo__card-name"
      >
        code
      </wx-view>
    </wx-view>
    <wx-view
      class="demo__card"
    >
      <t-icon
        data-name="control-platform"
        name="control-platform"
        size="48rpx"
        bind:click="onIconTap"
      />
      <wx-view
        class="demo__card-name"
      >
        control-platform
      </wx-view>
    </wx-view>
    <wx-view
      class="demo__card"
    >
      <t-icon
        data-name="creditcard"
        name="creditcard"
        size="48rpx"
        bind:click="onIconTap"
      />
      <wx-view
        class="demo__card-name"
      >
        creditcard
      </wx-view>
    </wx-view>
    <wx-view
      class="demo__card"
    >
      <t-icon
        data-name="dashboard"
        name="dashboard"
        size="48rpx"
        bind:click="onIconTap"
      />
      <wx-view
        class="demo__card-name"
      >
        dashboard
      </wx-view>
    </wx-view>
    <wx-view
      class="demo__card"
    >
      <t-icon
        data-name="delete"
        name="delete"
        size="48rpx"
        bind:click="onIconTap"
      />
      <wx-view
        class="demo__card-name"
      >
        delete
      </wx-view>
    </wx-view>
    <wx-view
      class="demo__card"
    >
      <t-icon
        data-name="desktop"
        name="desktop"
        size="48rpx"
        bind:click="onIconTap"
      />
      <wx-view
        class="demo__card-name"
      >
        desktop
      </wx-view>
    </wx-view>
    <wx-view
      class="demo__card"
    >
      <t-icon
        data-name="discount-filled"
        name="discount-filled"
        size="48rpx"
        bind:click="onIconTap"
      />
      <wx-view
        class="demo__card-name"
      >
        discount-filled
      </wx-view>
    </wx-view>
    <wx-view
      class="demo__card"
    >
      <t-icon
        data-name="discount"
        name="discount"
        size="48rpx"
        bind:click="onIconTap"
      />
      <wx-view
        class="demo__card-name"
      >
        discount
      </wx-view>
    </wx-view>
    <wx-view
      class="demo__card"
    >
      <t-icon
        data-name="download"
        name="download"
        size="48rpx"
        bind:click="onIconTap"
      />
      <wx-view
        class="demo__card-name"
      >
        download
      </wx-view>
    </wx-view>
    <wx-view
      class="demo__card"
    >
      <t-icon
        data-name="edit-1"
        name="edit-1"
        size="48rpx"
        bind:click="onIconTap"
      />
      <wx-view
        class="demo__card-name"
      >
        edit-1
      </wx-view>
    </wx-view>
    <wx-view
      class="demo__card"
    >
      <t-icon
        data-name="edit"
        name="edit"
        size="48rpx"
        bind:click="onIconTap"
      />
      <wx-view
        class="demo__card-name"
      >
        edit
      </wx-view>
    </wx-view>
    <wx-view
      class="demo__card"
    >
      <t-icon
        data-name="ellipsis"
        name="ellipsis"
        size="48rpx"
        bind:click="onIconTap"
      />
      <wx-view
        class="demo__card-name"
      >
        ellipsis
      </wx-view>
    </wx-view>
    <wx-view
      class="demo__card"
    >
      <t-icon
        data-name="enter"
        name="enter"
        size="48rpx"
        bind:click="onIconTap"
      />
      <wx-view
        class="demo__card-name"
      >
        enter
      </wx-view>
    </wx-view>
    <wx-view
      class="demo__card"
    >
      <t-icon
        data-name="error-circle-filled"
        name="error-circle-filled"
        size="48rpx"
        bind:click="onIconTap"
      />
      <wx-view
        class="demo__card-name"
      >
        error-circle-filled
      </wx-view>
    </wx-view>
    <wx-view
      class="demo__card"
    >
      <t-icon
        data-name="error-circle"
        name="error-circle"
        size="48rpx"
        bind:click="onIconTap"
      />
      <wx-view
        class="demo__card-name"
      >
        error-circle
      </wx-view>
    </wx-view>
    <wx-view
      class="demo__card"
    >
      <t-icon
        data-name="error"
        name="error"
        size="48rpx"
        bind:click="onIconTap"
      />
      <wx-view
        class="demo__card-name"
      >
        error
      </wx-view>
    </wx-view>
    <wx-view
      class="demo__card"
    >
      <t-icon
        data-name="file-add"
        name="file-add"
        size="48rpx"
        bind:click="onIconTap"
      />
      <wx-view
        class="demo__card-name"
      >
        file-add
      </wx-view>
    </wx-view>
    <wx-view
      class="demo__card"
    >
      <t-icon
        data-name="file-copy"
        name="file-copy"
        size="48rpx"
        bind:click="onIconTap"
      />
      <wx-view
        class="demo__card-name"
      >
        file-copy
      </wx-view>
    </wx-view>
    <wx-view
      class="demo__card"
    >
      <t-icon
        data-name="file-excel"
        name="file-excel"
        size="48rpx"
        bind:click="onIconTap"
      />
      <wx-view
        class="demo__card-name"
      >
        file-excel
      </wx-view>
    </wx-view>
    <wx-view
      class="demo__card"
    >
      <t-icon
        data-name="file-icon"
        name="file-icon"
        size="48rpx"
        bind:click="onIconTap"
      />
      <wx-view
        class="demo__card-name"
      >
        file-icon
      </wx-view>
    </wx-view>
    <wx-view
      class="demo__card"
    >
      <t-icon
        data-name="file-image"
        name="file-image"
        size="48rpx"
        bind:click="onIconTap"
      />
      <wx-view
        class="demo__card-name"
      >
        file-image
      </wx-view>
    </wx-view>
    <wx-view
      class="demo__card"
    >
      <t-icon
        data-name="file-paste"
        name="file-paste"
        size="48rpx"
        bind:click="onIconTap"
      />
      <wx-view
        class="demo__card-name"
      >
        file-paste
      </wx-view>
    </wx-view>
    <wx-view
      class="demo__card"
    >
      <t-icon
        data-name="file-pdf"
        name="file-pdf"
        size="48rpx"
        bind:click="onIconTap"
      />
      <wx-view
        class="demo__card-name"
      >
        file-pdf
      </wx-view>
    </wx-view>
    <wx-view
      class="demo__card"
    >
      <t-icon
        data-name="file-powerpoint"
        name="file-powerpoint"
        size="48rpx"
        bind:click="onIconTap"
      />
      <wx-view
        class="demo__card-name"
      >
        file-powerpoint
      </wx-view>
    </wx-view>
    <wx-view
      class="demo__card"
    >
      <t-icon
        data-name="file-unknown"
        name="file-unknown"
        size="48rpx"
        bind:click="onIconTap"
      />
      <wx-view
        class="demo__card-name"
      >
        file-unknown
      </wx-view>
    </wx-view>
    <wx-view
      class="demo__card"
    >
      <t-icon
        data-name="file-word"
        name="file-word"
        size="48rpx"
        bind:click="onIconTap"
      />
      <wx-view
        class="demo__card-name"
      >
        file-word
      </wx-view>
    </wx-view>
    <wx-view
      class="demo__card"
    >
      <t-icon
        data-name="file"
        name="file"
        size="48rpx"
        bind:click="onIconTap"
      />
      <wx-view
        class="demo__card-name"
      >
        file
      </wx-view>
    </wx-view>
    <wx-view
      class="demo__card"
    >
      <t-icon
        data-name="filter-clear"
        name="filter-clear"
        size="48rpx"
        bind:click="onIconTap"
      />
      <wx-view
        class="demo__card-name"
      >
        filter-clear
      </wx-view>
    </wx-view>
    <wx-view
      class="demo__card"
    >
      <t-icon
        data-name="filter"
        name="filter"
        size="48rpx"
        bind:click="onIconTap"
      />
      <wx-view
        class="demo__card-name"
      >
        filter
      </wx-view>
    </wx-view>
    <wx-view
      class="demo__card"
    >
      <t-icon
        data-name="flag"
        name="flag"
        size="48rpx"
        bind:click="onIconTap"
      />
      <wx-view
        class="demo__card-name"
      >
        flag
      </wx-view>
    </wx-view>
    <wx-view
      class="demo__card"
    >
      <t-icon
        data-name="folder-add"
        name="folder-add"
        size="48rpx"
        bind:click="onIconTap"
      />
      <wx-view
        class="demo__card-name"
      >
        folder-add
      </wx-view>
    </wx-view>
    <wx-view
      class="demo__card"
    >
      <t-icon
        data-name="folder-open"
        name="folder-open"
        size="48rpx"
        bind:click="onIconTap"
      />
      <wx-view
        class="demo__card-name"
      >
        folder-open
      </wx-view>
    </wx-view>
    <wx-view
      class="demo__card"
    >
      <t-icon
        data-name="folder"
        name="folder"
        size="48rpx"
        bind:click="onIconTap"
      />
      <wx-view
        class="demo__card-name"
      >
        folder
      </wx-view>
    </wx-view>
    <wx-view
      class="demo__card"
    >
      <t-icon
        data-name="fork"
        name="fork"
        size="48rpx"
        bind:click="onIconTap"
      />
      <wx-view
        class="demo__card-name"
      >
        fork
      </wx-view>
    </wx-view>
    <wx-view
      class="demo__card"
    >
      <t-icon
        data-name="format-horizontal-align-bottom"
        name="format-horizontal-align-bottom"
        size="48rpx"
        bind:click="onIconTap"
      />
      <wx-view
        class="demo__card-name"
      >
        format-horizontal-align-bottom
      </wx-view>
    </wx-view>
    <wx-view
      class="demo__card"
    >
      <t-icon
        data-name="format-horizontal-align-center"
        name="format-horizontal-align-center"
        size="48rpx"
        bind:click="onIconTap"
      />
      <wx-view
        class="demo__card-name"
      >
        format-horizontal-align-center
      </wx-view>
    </wx-view>
    <wx-view
      class="demo__card"
    >
      <t-icon
        data-name="format-horizontal-align-top"
        name="format-horizontal-align-top"
        size="48rpx"
        bind:click="onIconTap"
      />
      <wx-view
        class="demo__card-name"
      >
        format-horizontal-align-top
      </wx-view>
    </wx-view>
    <wx-view
      class="demo__card"
    >
      <t-icon
        data-name="format-vertical-align-center"
        name="format-vertical-align-center"
        size="48rpx"
        bind:click="onIconTap"
      />
      <wx-view
        class="demo__card-name"
      >
        format-vertical-align-center
      </wx-view>
    </wx-view>
    <wx-view
      class="demo__card"
    >
      <t-icon
        data-name="format-vertical-align-left"
        name="format-vertical-align-left"
        size="48rpx"
        bind:click="onIconTap"
      />
      <wx-view
        class="demo__card-name"
      >
        format-vertical-align-left
      </wx-view>
    </wx-view>
    <wx-view
      class="demo__card"
    >
      <t-icon
        data-name="format-vertical-align-right"
        name="format-vertical-align-right"
        size="48rpx"
        bind:click="onIconTap"
      />
      <wx-view
        class="demo__card-name"
      >
        format-vertical-align-right
      </wx-view>
    </wx-view>
    <wx-view
      class="demo__card"
    >
      <t-icon
        data-name="forward"
        name="forward"
        size="48rpx"
        bind:click="onIconTap"
      />
      <wx-view
        class="demo__card-name"
      >
        forward
      </wx-view>
    </wx-view>
    <wx-view
      class="demo__card"
    >
      <t-icon
        data-name="fullscreen-exit"
        name="fullscreen-exit"
        size="48rpx"
        bind:click="onIconTap"
      />
      <wx-view
        class="demo__card-name"
      >
        fullscreen-exit
      </wx-view>
    </wx-view>
    <wx-view
      class="demo__card"
    >
      <t-icon
        data-name="fullscreen"
        name="fullscreen"
        size="48rpx"
        bind:click="onIconTap"
      />
      <wx-view
        class="demo__card-name"
      >
        fullscreen
      </wx-view>
    </wx-view>
    <wx-view
      class="demo__card"
    >
      <t-icon
        data-name="gender-female"
        name="gender-female"
        size="48rpx"
        bind:click="onIconTap"
      />
      <wx-view
        class="demo__card-name"
      >
        gender-female
      </wx-view>
    </wx-view>
    <wx-view
      class="demo__card"
    >
      <t-icon
        data-name="gender-male"
        name="gender-male"
        size="48rpx"
        bind:click="onIconTap"
      />
      <wx-view
        class="demo__card-name"
      >
        gender-male
      </wx-view>
    </wx-view>
    <wx-view
      class="demo__card"
    >
      <t-icon
        data-name="gift"
        name="gift"
        size="48rpx"
        bind:click="onIconTap"
      />
      <wx-view
        class="demo__card-name"
      >
        gift
      </wx-view>
    </wx-view>
    <wx-view
      class="demo__card"
    >
      <t-icon
        data-name="heart-filled"
        name="heart-filled"
        size="48rpx"
        bind:click="onIconTap"
      />
      <wx-view
        class="demo__card-name"
      >
        heart-filled
      </wx-view>
    </wx-view>
    <wx-view
      class="demo__card"
    >
      <t-icon
        data-name="heart"
        name="heart"
        size="48rpx"
        bind:click="onIconTap"
      />
      <wx-view
        class="demo__card-name"
      >
        heart
      </wx-view>
    </wx-view>
    <wx-view
      class="demo__card"
    >
      <t-icon
        data-name="help-circle-filled"
        name="help-circle-filled"
        size="48rpx"
        bind:click="onIconTap"
      />
      <wx-view
        class="demo__card-name"
      >
        help-circle-filled
      </wx-view>
    </wx-view>
    <wx-view
      class="demo__card"
    >
      <t-icon
        data-name="help-circle"
        name="help-circle"
        size="48rpx"
        bind:click="onIconTap"
      />
      <wx-view
        class="demo__card-name"
      >
        help-circle
      </wx-view>
    </wx-view>
    <wx-view
      class="demo__card"
    >
      <t-icon
        data-name="help"
        name="help"
        size="48rpx"
        bind:click="onIconTap"
      />
      <wx-view
        class="demo__card-name"
      >
        help
      </wx-view>
    </wx-view>
    <wx-view
      class="demo__card"
    >
      <t-icon
        data-name="history"
        name="history"
        size="48rpx"
        bind:click="onIconTap"
      />
      <wx-view
        class="demo__card-name"
      >
        history
      </wx-view>
    </wx-view>
    <wx-view
      class="demo__card"
    >
      <t-icon
        data-name="home"
        name="home"
        size="48rpx"
        bind:click="onIconTap"
      />
      <wx-view
        class="demo__card-name"
      >
        home
      </wx-view>
    </wx-view>
    <wx-view
      class="demo__card"
    >
      <t-icon
        data-name="hourglass"
        name="hourglass"
        size="48rpx"
        bind:click="onIconTap"
      />
      <wx-view
        class="demo__card-name"
      >
        hourglass
      </wx-view>
    </wx-view>
    <wx-view
      class="demo__card"
    >
      <t-icon
        data-name="image-error"
        name="image-error"
        size="48rpx"
        bind:click="onIconTap"
      />
      <wx-view
        class="demo__card-name"
      >
        image-error
      </wx-view>
    </wx-view>
    <wx-view
      class="demo__card"
    >
      <t-icon
        data-name="image"
        name="image"
        size="48rpx"
        bind:click="onIconTap"
      />
      <wx-view
        class="demo__card-name"
      >
        image
      </wx-view>
    </wx-view>
    <wx-view
      class="demo__card"
    >
      <t-icon
        data-name="info-circle-filled"
        name="info-circle-filled"
        size="48rpx"
        bind:click="onIconTap"
      />
      <wx-view
        class="demo__card-name"
      >
        info-circle-filled
      </wx-view>
    </wx-view>
    <wx-view
      class="demo__card"
    >
      <t-icon
        data-name="info-circle"
        name="info-circle"
        size="48rpx"
        bind:click="onIconTap"
      />
      <wx-view
        class="demo__card-name"
      >
        info-circle
      </wx-view>
    </wx-view>
    <wx-view
      class="demo__card"
    >
      <t-icon
        data-name="internet"
        name="internet"
        size="48rpx"
        bind:click="onIconTap"
      />
      <wx-view
        class="demo__card-name"
      >
        internet
      </wx-view>
    </wx-view>
    <wx-view
      class="demo__card"
    >
      <t-icon
        data-name="jump"
        name="jump"
        size="48rpx"
        bind:click="onIconTap"
      />
      <wx-view
        class="demo__card-name"
      >
        jump
      </wx-view>
    </wx-view>
    <wx-view
      class="demo__card"
    >
      <t-icon
        data-name="laptop"
        name="laptop"
        size="48rpx"
        bind:click="onIconTap"
      />
      <wx-view
        class="demo__card-name"
      >
        laptop
      </wx-view>
    </wx-view>
    <wx-view
      class="demo__card"
    >
      <t-icon
        data-name="layers"
        name="layers"
        size="48rpx"
        bind:click="onIconTap"
      />
      <wx-view
        class="demo__card-name"
      >
        layers
      </wx-view>
    </wx-view>
    <wx-view
      class="demo__card"
    >
      <t-icon
        data-name="link-unlink"
        name="link-unlink"
        size="48rpx"
        bind:click="onIconTap"
      />
      <wx-view
        class="demo__card-name"
      >
        link-unlink
      </wx-view>
    </wx-view>
    <wx-view
      class="demo__card"
    >
      <t-icon
        data-name="link"
        name="link"
        size="48rpx"
        bind:click="onIconTap"
      />
      <wx-view
        class="demo__card-name"
      >
        link
      </wx-view>
    </wx-view>
    <wx-view
      class="demo__card"
    >
      <t-icon
        data-name="loading"
        name="loading"
        size="48rpx"
        bind:click="onIconTap"
      />
      <wx-view
        class="demo__card-name"
      >
        loading
      </wx-view>
    </wx-view>
    <wx-view
      class="demo__card"
    >
      <t-icon
        data-name="location"
        name="location"
        size="48rpx"
        bind:click="onIconTap"
      />
      <wx-view
        class="demo__card-name"
      >
        location
      </wx-view>
    </wx-view>
    <wx-view
      class="demo__card"
    >
      <t-icon
        data-name="lock-off"
        name="lock-off"
        size="48rpx"
        bind:click="onIconTap"
      />
      <wx-view
        class="demo__card-name"
      >
        lock-off
      </wx-view>
    </wx-view>
    <wx-view
      class="demo__card"
    >
      <t-icon
        data-name="lock-on"
        name="lock-on"
        size="48rpx"
        bind:click="onIconTap"
      />
      <wx-view
        class="demo__card-name"
      >
        lock-on
      </wx-view>
    </wx-view>
    <wx-view
      class="demo__card"
    >
      <t-icon
        data-name="login"
        name="login"
        size="48rpx"
        bind:click="onIconTap"
      />
      <wx-view
        class="demo__card-name"
      >
        login
      </wx-view>
    </wx-view>
    <wx-view
      class="demo__card"
    >
      <t-icon
        data-name="logo-android"
        name="logo-android"
        size="48rpx"
        bind:click="onIconTap"
      />
      <wx-view
        class="demo__card-name"
      >
        logo-android
      </wx-view>
    </wx-view>
    <wx-view
      class="demo__card"
    >
      <t-icon
        data-name="logo-apple-filled"
        name="logo-apple-filled"
        size="48rpx"
        bind:click="onIconTap"
      />
      <wx-view
        class="demo__card-name"
      >
        logo-apple-filled
      </wx-view>
    </wx-view>
    <wx-view
      class="demo__card"
    >
      <t-icon
        data-name="logo-apple"
        name="logo-apple"
        size="48rpx"
        bind:click="onIconTap"
      />
      <wx-view
        class="demo__card-name"
      >
        logo-apple
      </wx-view>
    </wx-view>
    <wx-view
      class="demo__card"
    >
      <t-icon
        data-name="logo-chrome-filled"
        name="logo-chrome-filled"
        size="48rpx"
        bind:click="onIconTap"
      />
      <wx-view
        class="demo__card-name"
      >
        logo-chrome-filled
      </wx-view>
    </wx-view>
    <wx-view
      class="demo__card"
    >
      <t-icon
        data-name="logo-chrome"
        name="logo-chrome"
        size="48rpx"
        bind:click="onIconTap"
      />
      <wx-view
        class="demo__card-name"
      >
        logo-chrome
      </wx-view>
    </wx-view>
    <wx-view
      class="demo__card"
    >
      <t-icon
        data-name="logo-codepen"
        name="logo-codepen"
        size="48rpx"
        bind:click="onIconTap"
      />
      <wx-view
        class="demo__card-name"
      >
        logo-codepen
      </wx-view>
    </wx-view>
    <wx-view
      class="demo__card"
    >
      <t-icon
        data-name="logo-github-filled"
        name="logo-github-filled"
        size="48rpx"
        bind:click="onIconTap"
      />
      <wx-view
        class="demo__card-name"
      >
        logo-github-filled
      </wx-view>
    </wx-view>
    <wx-view
      class="demo__card"
    >
      <t-icon
        data-name="logo-github"
        name="logo-github"
        size="48rpx"
        bind:click="onIconTap"
      />
      <wx-view
        class="demo__card-name"
      >
        logo-github
      </wx-view>
    </wx-view>
    <wx-view
      class="demo__card"
    >
      <t-icon
        data-name="logo-ie-filled"
        name="logo-ie-filled"
        size="48rpx"
        bind:click="onIconTap"
      />
      <wx-view
        class="demo__card-name"
      >
        logo-ie-filled
      </wx-view>
    </wx-view>
    <wx-view
      class="demo__card"
    >
      <t-icon
        data-name="logo-ie"
        name="logo-ie"
        size="48rpx"
        bind:click="onIconTap"
      />
      <wx-view
        class="demo__card-name"
      >
        logo-ie
      </wx-view>
    </wx-view>
    <wx-view
      class="demo__card"
    >
      <t-icon
        data-name="logo-qq"
        name="logo-qq"
        size="48rpx"
        bind:click="onIconTap"
      />
      <wx-view
        class="demo__card-name"
      >
        logo-qq
      </wx-view>
    </wx-view>
    <wx-view
      class="demo__card"
    >
      <t-icon
        data-name="logo-wechat"
        name="logo-wechat"
        size="48rpx"
        bind:click="onIconTap"
      />
      <wx-view
        class="demo__card-name"
      >
        logo-wechat
      </wx-view>
    </wx-view>
    <wx-view
      class="demo__card"
    >
      <t-icon
        data-name="logo-wecom"
        name="logo-wecom"
        size="48rpx"
        bind:click="onIconTap"
      />
      <wx-view
        class="demo__card-name"
      >
        logo-wecom
      </wx-view>
    </wx-view>
    <wx-view
      class="demo__card"
    >
      <t-icon
        data-name="logo-windows-filled"
        name="logo-windows-filled"
        size="48rpx"
        bind:click="onIconTap"
      />
      <wx-view
        class="demo__card-name"
      >
        logo-windows-filled
      </wx-view>
    </wx-view>
    <wx-view
      class="demo__card"
    >
      <t-icon
        data-name="logo-windows"
        name="logo-windows"
        size="48rpx"
        bind:click="onIconTap"
      />
      <wx-view
        class="demo__card-name"
      >
        logo-windows
      </wx-view>
    </wx-view>
    <wx-view
      class="demo__card"
    >
      <t-icon
        data-name="logout"
        name="logout"
        size="48rpx"
        bind:click="onIconTap"
      />
      <wx-view
        class="demo__card-name"
      >
        logout
      </wx-view>
    </wx-view>
    <wx-view
      class="demo__card"
    >
      <t-icon
        data-name="mail"
        name="mail"
        size="48rpx"
        bind:click="onIconTap"
      />
      <wx-view
        class="demo__card-name"
      >
        mail
      </wx-view>
    </wx-view>
    <wx-view
      class="demo__card"
    >
      <t-icon
        data-name="menu-fold"
        name="menu-fold"
        size="48rpx"
        bind:click="onIconTap"
      />
      <wx-view
        class="demo__card-name"
      >
        menu-fold
      </wx-view>
    </wx-view>
    <wx-view
      class="demo__card"
    >
      <t-icon
        data-name="menu-unfold"
        name="menu-unfold"
        size="48rpx"
        bind:click="onIconTap"
      />
      <wx-view
        class="demo__card-name"
      >
        menu-unfold
      </wx-view>
    </wx-view>
    <wx-view
      class="demo__card"
    >
      <t-icon
        data-name="minus-circle-filled"
        name="minus-circle-filled"
        size="48rpx"
        bind:click="onIconTap"
      />
      <wx-view
        class="demo__card-name"
      >
        minus-circle-filled
      </wx-view>
    </wx-view>
    <wx-view
      class="demo__card"
    >
      <t-icon
        data-name="minus-circle"
        name="minus-circle"
        size="48rpx"
        bind:click="onIconTap"
      />
      <wx-view
        class="demo__card-name"
      >
        minus-circle
      </wx-view>
    </wx-view>
    <wx-view
      class="demo__card"
    >
      <t-icon
        data-name="minus-rectangle"
        name="minus-rectangle"
        size="48rpx"
        bind:click="onIconTap"
      />
      <wx-view
        class="demo__card-name"
      >
        minus-rectangle
      </wx-view>
    </wx-view>
    <wx-view
      class="demo__card"
    >
      <t-icon
        data-name="mirror"
        name="mirror"
        size="48rpx"
        bind:click="onIconTap"
      />
      <wx-view
        class="demo__card-name"
      >
        mirror
      </wx-view>
    </wx-view>
    <wx-view
      class="demo__card"
    >
      <t-icon
        data-name="mobile-vibrate"
        name="mobile-vibrate"
        size="48rpx"
        bind:click="onIconTap"
      />
      <wx-view
        class="demo__card-name"
      >
        mobile-vibrate
      </wx-view>
    </wx-view>
    <wx-view
      class="demo__card"
    >
      <t-icon
        data-name="mobile"
        name="mobile"
        size="48rpx"
        bind:click="onIconTap"
      />
      <wx-view
        class="demo__card-name"
      >
        mobile
      </wx-view>
    </wx-view>
    <wx-view
      class="demo__card"
    >
      <t-icon
        data-name="money-circle"
        name="money-circle"
        size="48rpx"
        bind:click="onIconTap"
      />
      <wx-view
        class="demo__card-name"
      >
        money-circle
      </wx-view>
    </wx-view>
    <wx-view
      class="demo__card"
    >
      <t-icon
        data-name="more"
        name="more"
        size="48rpx"
        bind:click="onIconTap"
      />
      <wx-view
        class="demo__card-name"
      >
        more
      </wx-view>
    </wx-view>
    <wx-view
      class="demo__card"
    >
      <t-icon
        data-name="move"
        name="move"
        size="48rpx"
        bind:click="onIconTap"
      />
      <wx-view
        class="demo__card-name"
      >
        move
      </wx-view>
    </wx-view>
    <wx-view
      class="demo__card"
    >
      <t-icon
        data-name="next"
        name="next"
        size="48rpx"
        bind:click="onIconTap"
      />
      <wx-view
        class="demo__card-name"
      >
        next
      </wx-view>
    </wx-view>
    <wx-view
      class="demo__card"
    >
      <t-icon
        data-name="notification-filled"
        name="notification-filled"
        size="48rpx"
        bind:click="onIconTap"
      />
      <wx-view
        class="demo__card-name"
      >
        notification-filled
      </wx-view>
    </wx-view>
    <wx-view
      class="demo__card"
    >
      <t-icon
        data-name="notification"
        name="notification"
        size="48rpx"
        bind:click="onIconTap"
      />
      <wx-view
        class="demo__card-name"
      >
        notification
      </wx-view>
    </wx-view>
    <wx-view
      class="demo__card"
    >
      <t-icon
        data-name="order-adjustment-column"
        name="order-adjustment-column"
        size="48rpx"
        bind:click="onIconTap"
      />
      <wx-view
        class="demo__card-name"
      >
        order-adjustment-column
      </wx-view>
    </wx-view>
    <wx-view
      class="demo__card"
    >
      <t-icon
        data-name="order-ascending"
        name="order-ascending"
        size="48rpx"
        bind:click="onIconTap"
      />
      <wx-view
        class="demo__card-name"
      >
        order-ascending
      </wx-view>
    </wx-view>
    <wx-view
      class="demo__card"
    >
      <t-icon
        data-name="order-descending"
        name="order-descending"
        size="48rpx"
        bind:click="onIconTap"
      />
      <wx-view
        class="demo__card-name"
      >
        order-descending
      </wx-view>
    </wx-view>
    <wx-view
      class="demo__card"
    >
      <t-icon
        data-name="page-first"
        name="page-first"
        size="48rpx"
        bind:click="onIconTap"
      />
      <wx-view
        class="demo__card-name"
      >
        page-first
      </wx-view>
    </wx-view>
    <wx-view
      class="demo__card"
    >
      <t-icon
        data-name="page-last"
        name="page-last"
        size="48rpx"
        bind:click="onIconTap"
      />
      <wx-view
        class="demo__card-name"
      >
        page-last
      </wx-view>
    </wx-view>
    <wx-view
      class="demo__card"
    >
      <t-icon
        data-name="pause-circle-filled"
        name="pause-circle-filled"
        size="48rpx"
        bind:click="onIconTap"
      />
      <wx-view
        class="demo__card-name"
      >
        pause-circle-filled
      </wx-view>
    </wx-view>
    <wx-view
      class="demo__card"
    >
      <t-icon
        data-name="photo"
        name="photo"
        size="48rpx"
        bind:click="onIconTap"
      />
      <wx-view
        class="demo__card-name"
      >
        photo
      </wx-view>
    </wx-view>
    <wx-view
      class="demo__card"
    >
      <t-icon
        data-name="pin-filled"
        name="pin-filled"
        size="48rpx"
        bind:click="onIconTap"
      />
      <wx-view
        class="demo__card-name"
      >
        pin-filled
      </wx-view>
    </wx-view>
    <wx-view
      class="demo__card"
    >
      <t-icon
        data-name="pin"
        name="pin"
        size="48rpx"
        bind:click="onIconTap"
      />
      <wx-view
        class="demo__card-name"
      >
        pin
      </wx-view>
    </wx-view>
    <wx-view
      class="demo__card"
    >
      <t-icon
        data-name="play-circle-filled"
        name="play-circle-filled"
        size="48rpx"
        bind:click="onIconTap"
      />
      <wx-view
        class="demo__card-name"
      >
        play-circle-filled
      </wx-view>
    </wx-view>
    <wx-view
      class="demo__card"
    >
      <t-icon
        data-name="play-circle-stroke"
        name="play-circle-stroke"
        size="48rpx"
        bind:click="onIconTap"
      />
      <wx-view
        class="demo__card-name"
      >
        play-circle-stroke
      </wx-view>
    </wx-view>
    <wx-view
      class="demo__card"
    >
      <t-icon
        data-name="play-circle"
        name="play-circle"
        size="48rpx"
        bind:click="onIconTap"
      />
      <wx-view
        class="demo__card-name"
      >
        play-circle
      </wx-view>
    </wx-view>
    <wx-view
      class="demo__card"
    >
      <t-icon
        data-name="play"
        name="play"
        size="48rpx"
        bind:click="onIconTap"
      />
      <wx-view
        class="demo__card-name"
      >
        play
      </wx-view>
    </wx-view>
    <wx-view
      class="demo__card"
    >
      <t-icon
        data-name="poweroff"
        name="poweroff"
        size="48rpx"
        bind:click="onIconTap"
      />
      <wx-view
        class="demo__card-name"
      >
        poweroff
      </wx-view>
    </wx-view>
    <wx-view
      class="demo__card"
    >
      <t-icon
        data-name="precise-monitor"
        name="precise-monitor"
        size="48rpx"
        bind:click="onIconTap"
      />
      <wx-view
        class="demo__card-name"
      >
        precise-monitor
      </wx-view>
    </wx-view>
    <wx-view
      class="demo__card"
    >
      <t-icon
        data-name="previous"
        name="previous"
        size="48rpx"
        bind:click="onIconTap"
      />
      <wx-view
        class="demo__card-name"
      >
        previous
      </wx-view>
    </wx-view>
    <wx-view
      class="demo__card"
    >
      <t-icon
        data-name="print"
        name="print"
        size="48rpx"
        bind:click="onIconTap"
      />
      <wx-view
        class="demo__card-name"
      >
        print
      </wx-view>
    </wx-view>
    <wx-view
      class="demo__card"
    >
      <t-icon
        data-name="qrcode"
        name="qrcode"
        size="48rpx"
        bind:click="onIconTap"
      />
      <wx-view
        class="demo__card-name"
      >
        qrcode
      </wx-view>
    </wx-view>
    <wx-view
      class="demo__card"
    >
      <t-icon
        data-name="queue"
        name="queue"
        size="48rpx"
        bind:click="onIconTap"
      />
      <wx-view
        class="demo__card-name"
      >
        queue
      </wx-view>
    </wx-view>
    <wx-view
      class="demo__card"
    >
      <t-icon
        data-name="rectangle"
        name="rectangle"
        size="48rpx"
        bind:click="onIconTap"
      />
      <wx-view
        class="demo__card-name"
      >
        rectangle
      </wx-view>
    </wx-view>
    <wx-view
      class="demo__card"
    >
      <t-icon
        data-name="refresh"
        name="refresh"
        size="48rpx"
        bind:click="onIconTap"
      />
      <wx-view
        class="demo__card-name"
      >
        refresh
      </wx-view>
    </wx-view>
    <wx-view
      class="demo__card"
    >
      <t-icon
        data-name="relativity"
        name="relativity"
        size="48rpx"
        bind:click="onIconTap"
      />
      <wx-view
        class="demo__card-name"
      >
        relativity
      </wx-view>
    </wx-view>
    <wx-view
      class="demo__card"
    >
      <t-icon
        data-name="remove"
        name="remove"
        size="48rpx"
        bind:click="onIconTap"
      />
      <wx-view
        class="demo__card-name"
      >
        remove
      </wx-view>
    </wx-view>
    <wx-view
      class="demo__card"
    >
      <t-icon
        data-name="rollback"
        name="rollback"
        size="48rpx"
        bind:click="onIconTap"
      />
      <wx-view
        class="demo__card-name"
      >
        rollback
      </wx-view>
    </wx-view>
    <wx-view
      class="demo__card"
    >
      <t-icon
        data-name="rollfront"
        name="rollfront"
        size="48rpx"
        bind:click="onIconTap"
      />
      <wx-view
        class="demo__card-name"
      >
        rollfront
      </wx-view>
    </wx-view>
    <wx-view
      class="demo__card"
    >
      <t-icon
        data-name="root-list"
        name="root-list"
        size="48rpx"
        bind:click="onIconTap"
      />
      <wx-view
        class="demo__card-name"
      >
        root-list
      </wx-view>
    </wx-view>
    <wx-view
      class="demo__card"
    >
      <t-icon
        data-name="rotation"
        name="rotation"
        size="48rpx"
        bind:click="onIconTap"
      />
      <wx-view
        class="demo__card-name"
      >
        rotation
      </wx-view>
    </wx-view>
    <wx-view
      class="demo__card"
    >
      <t-icon
        data-name="round"
        name="round"
        size="48rpx"
        bind:click="onIconTap"
      />
      <wx-view
        class="demo__card-name"
      >
        round
      </wx-view>
    </wx-view>
    <wx-view
      class="demo__card"
    >
      <t-icon
        data-name="save"
        name="save"
        size="48rpx"
        bind:click="onIconTap"
      />
      <wx-view
        class="demo__card-name"
      >
        save
      </wx-view>
    </wx-view>
    <wx-view
      class="demo__card"
    >
      <t-icon
        data-name="scan"
        name="scan"
        size="48rpx"
        bind:click="onIconTap"
      />
      <wx-view
        class="demo__card-name"
      >
        scan
      </wx-view>
    </wx-view>
    <wx-view
      class="demo__card"
    >
      <t-icon
        data-name="search"
        name="search"
        size="48rpx"
        bind:click="onIconTap"
      />
      <wx-view
        class="demo__card-name"
      >
        search
      </wx-view>
    </wx-view>
    <wx-view
      class="demo__card"
    >
      <t-icon
        data-name="secured"
        name="secured"
        size="48rpx"
        bind:click="onIconTap"
      />
      <wx-view
        class="demo__card-name"
      >
        secured
      </wx-view>
    </wx-view>
    <wx-view
      class="demo__card"
    >
      <t-icon
        data-name="server"
        name="server"
        size="48rpx"
        bind:click="onIconTap"
      />
      <wx-view
        class="demo__card-name"
      >
        server
      </wx-view>
    </wx-view>
    <wx-view
      class="demo__card"
    >
      <t-icon
        data-name="service"
        name="service"
        size="48rpx"
        bind:click="onIconTap"
      />
      <wx-view
        class="demo__card-name"
      >
        service
      </wx-view>
    </wx-view>
    <wx-view
      class="demo__card"
    >
      <t-icon
        data-name="setting"
        name="setting"
        size="48rpx"
        bind:click="onIconTap"
      />
      <wx-view
        class="demo__card-name"
      >
        setting
      </wx-view>
    </wx-view>
    <wx-view
      class="demo__card"
    >
      <t-icon
        data-name="share"
        name="share"
        size="48rpx"
        bind:click="onIconTap"
      />
      <wx-view
        class="demo__card-name"
      >
        share
      </wx-view>
    </wx-view>
    <wx-view
      class="demo__card"
    >
      <t-icon
        data-name="shop"
        name="shop"
        size="48rpx"
        bind:click="onIconTap"
      />
      <wx-view
        class="demo__card-name"
      >
        shop
      </wx-view>
    </wx-view>
    <wx-view
      class="demo__card"
    >
      <t-icon
        data-name="slash"
        name="slash"
        size="48rpx"
        bind:click="onIconTap"
      />
      <wx-view
        class="demo__card-name"
      >
        slash
      </wx-view>
    </wx-view>
    <wx-view
      class="demo__card"
    >
      <t-icon
        data-name="sound"
        name="sound"
        size="48rpx"
        bind:click="onIconTap"
      />
      <wx-view
        class="demo__card-name"
      >
        sound
      </wx-view>
    </wx-view>
    <wx-view
      class="demo__card"
    >
      <t-icon
        data-name="star-filled"
        name="star-filled"
        size="48rpx"
        bind:click="onIconTap"
      />
      <wx-view
        class="demo__card-name"
      >
        star-filled
      </wx-view>
    </wx-view>
    <wx-view
      class="demo__card"
    >
      <t-icon
        data-name="star"
        name="star"
        size="48rpx"
        bind:click="onIconTap"
      />
      <wx-view
        class="demo__card-name"
      >
        star
      </wx-view>
    </wx-view>
    <wx-view
      class="demo__card"
    >
      <t-icon
        data-name="stop-circle-1"
        name="stop-circle-1"
        size="48rpx"
        bind:click="onIconTap"
      />
      <wx-view
        class="demo__card-name"
      >
        stop-circle-1
      </wx-view>
    </wx-view>
    <wx-view
      class="demo__card"
    >
      <t-icon
        data-name="stop-circle-filled"
        name="stop-circle-filled"
        size="48rpx"
        bind:click="onIconTap"
      />
      <wx-view
        class="demo__card-name"
      >
        stop-circle-filled
      </wx-view>
    </wx-view>
    <wx-view
      class="demo__card"
    >
      <t-icon
        data-name="stop-circle"
        name="stop-circle"
        size="48rpx"
        bind:click="onIconTap"
      />
      <wx-view
        class="demo__card-name"
      >
        stop-circle
      </wx-view>
    </wx-view>
    <wx-view
      class="demo__card"
    >
      <t-icon
        data-name="stop"
        name="stop"
        size="48rpx"
        bind:click="onIconTap"
      />
      <wx-view
        class="demo__card-name"
      >
        stop
      </wx-view>
    </wx-view>
    <wx-view
      class="demo__card"
    >
      <t-icon
        data-name="swap-left"
        name="swap-left"
        size="48rpx"
        bind:click="onIconTap"
      />
      <wx-view
        class="demo__card-name"
      >
        swap-left
      </wx-view>
    </wx-view>
    <wx-view
      class="demo__card"
    >
      <t-icon
        data-name="swap-right"
        name="swap-right"
        size="48rpx"
        bind:click="onIconTap"
      />
      <wx-view
        class="demo__card-name"
      >
        swap-right
      </wx-view>
    </wx-view>
    <wx-view
      class="demo__card"
    >
      <t-icon
        data-name="swap"
        name="swap"
        size="48rpx"
        bind:click="onIconTap"
      />
      <wx-view
        class="demo__card-name"
      >
        swap
      </wx-view>
    </wx-view>
    <wx-view
      class="demo__card"
    >
      <t-icon
        data-name="thumb-down"
        name="thumb-down"
        size="48rpx"
        bind:click="onIconTap"
      />
      <wx-view
        class="demo__card-name"
      >
        thumb-down
      </wx-view>
    </wx-view>
    <wx-view
      class="demo__card"
    >
      <t-icon
        data-name="thumb-up"
        name="thumb-up"
        size="48rpx"
        bind:click="onIconTap"
      />
      <wx-view
        class="demo__card-name"
      >
        thumb-up
      </wx-view>
    </wx-view>
    <wx-view
      class="demo__card"
    >
      <t-icon
        data-name="time-filled"
        name="time-filled"
        size="48rpx"
        bind:click="onIconTap"
      />
      <wx-view
        class="demo__card-name"
      >
        time-filled
      </wx-view>
    </wx-view>
    <wx-view
      class="demo__card"
    >
      <t-icon
        data-name="time"
        name="time"
        size="48rpx"
        bind:click="onIconTap"
      />
      <wx-view
        class="demo__card-name"
      >
        time
      </wx-view>
    </wx-view>
    <wx-view
      class="demo__card"
    >
      <t-icon
        data-name="tips"
        name="tips"
        size="48rpx"
        bind:click="onIconTap"
      />
      <wx-view
        class="demo__card-name"
      >
        tips
      </wx-view>
    </wx-view>
    <wx-view
      class="demo__card"
    >
      <t-icon
        data-name="tools"
        name="tools"
        size="48rpx"
        bind:click="onIconTap"
      />
      <wx-view
        class="demo__card-name"
      >
        tools
      </wx-view>
    </wx-view>
    <wx-view
      class="demo__card"
    >
      <t-icon
        data-name="unfold-less"
        name="unfold-less"
        size="48rpx"
        bind:click="onIconTap"
      />
      <wx-view
        class="demo__card-name"
      >
        unfold-less
      </wx-view>
    </wx-view>
    <wx-view
      class="demo__card"
    >
      <t-icon
        data-name="unfold-more"
        name="unfold-more"
        size="48rpx"
        bind:click="onIconTap"
      />
      <wx-view
        class="demo__card-name"
      >
        unfold-more
      </wx-view>
    </wx-view>
    <wx-view
      class="demo__card"
    >
      <t-icon
        data-name="upload"
        name="upload"
        size="48rpx"
        bind:click="onIconTap"
      />
      <wx-view
        class="demo__card-name"
      >
        upload
      </wx-view>
    </wx-view>
    <wx-view
      class="demo__card"
    >
      <t-icon
        data-name="usb"
        name="usb"
        size="48rpx"
        bind:click="onIconTap"
      />
      <wx-view
        class="demo__card-name"
      >
        usb
      </wx-view>
    </wx-view>
    <wx-view
      class="demo__card"
    >
      <t-icon
        data-name="user-add"
        name="user-add"
        size="48rpx"
        bind:click="onIconTap"
      />
      <wx-view
        class="demo__card-name"
      >
        user-add
      </wx-view>
    </wx-view>
    <wx-view
      class="demo__card"
    >
      <t-icon
        data-name="user-avatar"
        name="user-avatar"
        size="48rpx"
        bind:click="onIconTap"
      />
      <wx-view
        class="demo__card-name"
      >
        user-avatar
      </wx-view>
    </wx-view>
    <wx-view
      class="demo__card"
    >
      <t-icon
        data-name="user-circle"
        name="user-circle"
        size="48rpx"
        bind:click="onIconTap"
      />
      <wx-view
        class="demo__card-name"
      >
        user-circle
      </wx-view>
    </wx-view>
    <wx-view
      class="demo__card"
    >
      <t-icon
        data-name="user-clear"
        name="user-clear"
        size="48rpx"
        bind:click="onIconTap"
      />
      <wx-view
        class="demo__card-name"
      >
        user-clear
      </wx-view>
    </wx-view>
    <wx-view
      class="demo__card"
    >
      <t-icon
        data-name="user-talk"
        name="user-talk"
        size="48rpx"
        bind:click="onIconTap"
      />
      <wx-view
        class="demo__card-name"
      >
        user-talk
      </wx-view>
    </wx-view>
    <wx-view
      class="demo__card"
    >
      <t-icon
        data-name="user"
        name="user"
        size="48rpx"
        bind:click="onIconTap"
      />
      <wx-view
        class="demo__card-name"
      >
        user
      </wx-view>
    </wx-view>
    <wx-view
      class="demo__card"
    >
      <t-icon
        data-name="usergroup-add"
        name="usergroup-add"
        size="48rpx"
        bind:click="onIconTap"
      />
      <wx-view
        class="demo__card-name"
      >
        usergroup-add
      </wx-view>
    </wx-view>
    <wx-view
      class="demo__card"
    >
      <t-icon
        data-name="usergroup-clear"
        name="usergroup-clear"
        size="48rpx"
        bind:click="onIconTap"
      />
      <wx-view
        class="demo__card-name"
      >
        usergroup-clear
      </wx-view>
    </wx-view>
    <wx-view
      class="demo__card"
    >
      <t-icon
        data-name="usergroup"
        name="usergroup"
        size="48rpx"
        bind:click="onIconTap"
      />
      <wx-view
        class="demo__card-name"
      >
        usergroup
      </wx-view>
    </wx-view>
    <wx-view
      class="demo__card"
    >
      <t-icon
        data-name="video"
        name="video"
        size="48rpx"
        bind:click="onIconTap"
      />
      <wx-view
        class="demo__card-name"
      >
        video
      </wx-view>
    </wx-view>
    <wx-view
      class="demo__card"
    >
      <t-icon
        data-name="view-column"
        name="view-column"
        size="48rpx"
        bind:click="onIconTap"
      />
      <wx-view
        class="demo__card-name"
      >
        view-column
      </wx-view>
    </wx-view>
    <wx-view
      class="demo__card"
    >
      <t-icon
        data-name="view-list"
        name="view-list"
        size="48rpx"
        bind:click="onIconTap"
      />
      <wx-view
        class="demo__card-name"
      >
        view-list
      </wx-view>
    </wx-view>
    <wx-view
      class="demo__card"
    >
      <t-icon
        data-name="view-module"
        name="view-module"
        size="48rpx"
        bind:click="onIconTap"
      />
      <wx-view
        class="demo__card-name"
      >
        view-module
      </wx-view>
    </wx-view>
    <wx-view
      class="demo__card"
    >
      <t-icon
        data-name="wallet"
        name="wallet"
        size="48rpx"
        bind:click="onIconTap"
      />
      <wx-view
        class="demo__card-name"
      >
        wallet
      </wx-view>
    </wx-view>
    <wx-view
      class="demo__card"
    >
      <t-icon
        data-name="wifi"
        name="wifi"
        size="48rpx"
        bind:click="onIconTap"
      />
      <wx-view
        class="demo__card-name"
      >
        wifi
      </wx-view>
    </wx-view>
    <wx-view
      class="demo__card"
    >
      <t-icon
        data-name="zoom-in"
        name="zoom-in"
        size="48rpx"
        bind:click="onIconTap"
      />
      <wx-view
        class="demo__card-name"
      >
        zoom-in
      </wx-view>
    </wx-view>
    <wx-view
      class="demo__card"
    >
      <t-icon
        data-name="zoom-out"
        name="zoom-out"
        size="48rpx"
        bind:click="onIconTap"
      />
      <wx-view
        class="demo__card-name"
      >
        zoom-out
      </wx-view>
    </wx-view>
  </wx-view>
</base>
`;

exports[`Icon Icon custom demo works fine 1`] = `
<custom>
  <wx-view
    class="demo__list"
  >
    <wx-view
      class="demo__card"
    >
      <t-icon
        data-name="a-0"
        data-type="prefix"
        name="a-0"
        prefix="icon"
        size="48rpx"
        bind:click="onIconTap"
      />
      <wx-view
        class="demo__card-name"
      >
        a-0
      </wx-view>
    </wx-view>
    <wx-view
      class="demo__card"
    >
      <t-icon
        data-name="a-1h"
        data-type="prefix"
        name="a-1h"
        prefix="icon"
        size="48rpx"
        bind:click="onIconTap"
      />
      <wx-view
        class="demo__card-name"
      >
        a-1h
      </wx-view>
    </wx-view>
    <wx-view
      class="demo__card"
    >
      <t-icon
        data-name="a-2h"
        data-type="prefix"
        name="a-2h"
        prefix="icon"
        size="48rpx"
        bind:click="onIconTap"
      />
      <wx-view
        class="demo__card-name"
      >
        a-2h
      </wx-view>
    </wx-view>
    <wx-view
      class="demo__card"
    >
      <t-icon
        data-name="a-3h"
        data-type="prefix"
        name="a-3h"
        prefix="icon"
        size="48rpx"
        bind:click="onIconTap"
      />
      <wx-view
        class="demo__card-name"
      >
        a-3h
      </wx-view>
    </wx-view>
  </wx-view>
</custom>
`;

exports[`Icon Icon iconImage demo works fine 1`] = `
<iconImage>
  <wx-view
    class="demo__list"
  >
    <wx-view
      class="demo__card"
    >
      <t-icon
        data-name="https://oteam-tdesign-1258344706.cos.ap-guangzhou.tencentcos.cn/miniprogram/images/icon-image.png"
        name="https://oteam-tdesign-1258344706.cos.ap-guangzhou.tencentcos.cn/miniprogram/images/icon-image.png"
        size="24"
        bind:click="onIconTap"
      />
    </wx-view>
    <wx-view
      class="demo__card"
    >
      <t-icon
        data-name="https://oteam-tdesign-1258344706.cos.ap-guangzhou.tencentcos.cn/miniprogram/images/icon-copy.png"
        name="https://oteam-tdesign-1258344706.cos.ap-guangzhou.tencentcos.cn/miniprogram/images/icon-copy.png"
        size="24"
        bind:click="onIconTap"
      />
    </wx-view>
  </wx-view>
</iconImage>
`;
