// Jest Snapshot v1, https://goo.gl/fbAQLP

exports[`search Props :base 1`] = `
<main>
  <t-search
    class="search"
  >
    <wx-view
      class="class t-search t-class"
      style=""
    >
      <wx-view
        class="t-search__input-box t-not-focused t-search__input-box-- t-search__input-box--square t-class-input-container"
      >
        <t-icon
          class="t-icon t-class-left"
        >
          <wx-view
            ariaHidden="{{true}}"
            ariaLabel=""
            ariaRole=""
            class="t-icon class t-class"
            style="font-size: 24px;"
            bind:tap="onTap"
          >
            <wx-label
              class="t-icon-search t-icon-base"
            />
          </wx-view>
        </t-icon>
        <wx-input
          adjustPosition="{{true}}"
          alwaysEmbed="{{false}}"
          class="t-input__keyword t-class-input"
          confirmHold="{{false}}"
          confirmType="search"
          cursor="{{0}}"
          cursorSpacing="{{0}}"
          disabled="{{false}}"
          focus="{{false}}"
          holdKeyboard="{{false}}"
          maxlength="{{-1}}"
          name="input"
          placeholder=""
          placeholderClass="input-placeholder t-search__placeholder t-search__placeholder--normal"
          placeholderStyle=""
          selectionEnd="{{-1}}"
          selectionStart="{{-1}}"
          type="text"
          value=""
          bind:blur="onBlur"
          bind:confirm="onConfirm"
          bind:focus="onFocus"
          bind:input="onInput"
        />
      </wx-view>
      <wx-view
        ariaRole="button"
        class="t-search__search-action t-class-action"
        catch:tap="onActionClick"
      >
        
    提交
  
      </wx-view>
    </wx-view>
  </t-search>
</main>
`;
