// Jest Snapshot v1, https://goo.gl/fbAQLP

exports[`tabs :base 1`] = `
<t-tabs
  id="base"
>
  <wx-view
    class="t-tabs t-tabs--left t-class"
    style=""
  >
    <t-sticky
      tClass="t-tabs__sticky t-tabs__sticky--left"
      bind:scroll="onTouchScroll"
    >
      <wx-view
        class="t-sticky t-class"
        style="z-index:2;height:0px;"
      >
        <wx-view
          class="t-sticky__content"
          style="z-index:2;position:fixed;top:0px;"
        >
          <wx-view
            class="t-tabs__wrapper t-tabs__wrapper--line"
          >
            <wx-scroll-view
              class="t-tabs__scroll t-tabs__scroll--left"
              enableFlex="{{true}}"
              scrollLeft="{{0}}"
              scrollWithAnimation="{{true}}"
              scrollX="{{false}}"
              scrollY="{{true}}"
            >
              <wx-view
                ariaRole="tablist"
                class="t-tabs__nav t-tabs__nav--left"
              >
                <wx-view
                  ariaControls="t_tabs_0_panel_0"
                  ariaDisabled="{{false}}"
                  ariaRole="tab"
                  ariaSelected="{{true}}"
                  class="t-tabs__item t-tabs__item--line t-tabs__item--evenly t-tabs__item--left t-tabs__item--active t-class-active t-class-item"
                  data-index="{{0}}"
                  bind:tap="onTabTap"
                >
                  <wx-view
                    class="t-tabs__item-inner t-tabs__item-inner--line t-tabs__item-inner--active"
                  >
                    标签页一
                  </wx-view>
                </wx-view>
                <wx-view
                  ariaControls="t_tabs_0_panel_1"
                  ariaDisabled="{{false}}"
                  ariaRole="tab"
                  ariaSelected="{{false}}"
                  class="t-tabs__item t-tabs__item--line t-tabs__item--evenly t-tabs__item--left  t-class-item"
                  data-index="{{1}}"
                  bind:tap="onTabTap"
                >
                  <wx-view
                    class="t-tabs__item-inner t-tabs__item-inner--line"
                  >
                    label1
                  </wx-view>
                </wx-view>
                <wx-view
                  ariaControls="t_tabs_0_panel_2"
                  ariaDisabled="{{false}}"
                  ariaRole="tab"
                  ariaSelected="{{false}}"
                  class="t-tabs__item t-tabs__item--line t-tabs__item--evenly t-tabs__item--left  t-class-item"
                  data-index="{{2}}"
                  bind:tap="onTabTap"
                >
                  <wx-view
                    class="t-tabs__item-inner t-tabs__item-inner--line"
                  >
                    label2
                  </wx-view>
                </wx-view>
                <wx-view
                  ariaControls="t_tabs_0_panel_3"
                  ariaDisabled="{{false}}"
                  ariaRole="tab"
                  ariaSelected="{{false}}"
                  class="t-tabs__item t-tabs__item--line t-tabs__item--evenly t-tabs__item--left  t-class-item"
                  data-index="{{3}}"
                  bind:tap="onTabTap"
                >
                  <wx-view
                    class="t-tabs__item-inner t-tabs__item-inner--line"
                  >
                    label3
                  </wx-view>
                </wx-view>
                <wx-view
                  class="t-tabs__track t-tabs__track--left t-class-track"
                  style="-webkit-transform: translateX(0px);
        transform: translateX(0px);
      "
                />
              </wx-view>
            </wx-scroll-view>
          </wx-view>
        </wx-view>
      </wx-view>
    </t-sticky>
    <wx-view
      class="t-tabs__content"
      bind:touchcancel="onTouchEnd"
      bind:touchend="onTouchEnd"
      bind:touchmove="onTouchMove"
      bind:touchstart="onTouchStart"
    >
      <wx-view
        class="t-tabs__content-inner"
        style=""
      >
        <t-tab-panel
          id="first"
        >
          <wx-view
            ariaRole="tabpanel"
            class="t-tab-panel t-is-active"
            id="t_tabs_0_panel_0"
            style="; "
          >
            标签一内容
          </wx-view>
        </t-tab-panel>
        <t-tab-panel>
          <wx-view
            ariaRole="tabpanel"
            class="t-tab-panel "
            id="t_tabs_0_panel_1"
            style="; display: none"
          >
            标签1内容
          </wx-view>
        </t-tab-panel>
        <t-tab-panel>
          <wx-view
            ariaRole="tabpanel"
            class="t-tab-panel "
            id="t_tabs_0_panel_2"
            style="; display: none"
          >
            标签2内容
          </wx-view>
        </t-tab-panel>
        <t-tab-panel>
          <wx-view
            ariaRole="tabpanel"
            class="t-tab-panel "
            id="t_tabs_0_panel_3"
            style="; display: none"
          >
            标签3内容
          </wx-view>
        </t-tab-panel>
      </wx-view>
    </wx-view>
  </wx-view>
</t-tabs>
`;
