// Jest Snapshot v1, https://goo.gl/fbAQLP

exports[`Tag Tag checkable demo works fine 1`] = `
<checkable>
  <wx-view
    class="wrapper"
  >
    <wx-view
      class="block"
    >
      <wx-text>
        light
      </wx-text>
      <t-check-tag
        content="{{
          Array [
            "已选中态",
            "未选中态",
          ]
        }}"
        size="large"
        variant="light"
      />
      <t-check-tag
        content="{{
          Array [
            "已选中态",
            "未选中态",
          ]
        }}"
        defaultChecked="{{true}}"
        size="large"
        variant="light"
      />
    </wx-view>
    <wx-view
      class="block"
    >
      <wx-text>
        dark
      </wx-text>
      <t-check-tag
        content="{{
          Array [
            "已选中态",
            "未选中态",
          ]
        }}"
        size="large"
        variant="dark"
      />
      <t-check-tag
        content="{{
          Array [
            "已选中态",
            "未选中态",
          ]
        }}"
        defaultChecked="{{true}}"
        size="large"
        variant="dark"
      />
    </wx-view>
    <wx-view
      class="block"
    >
      <wx-text>
        outline
      </wx-text>
      <t-check-tag
        content="{{
          Array [
            "已选中态",
            "未选中态",
          ]
        }}"
        size="large"
        variant="outline"
      />
      <t-check-tag
        content="{{
          Array [
            "已选中态",
            "未选中态",
          ]
        }}"
        defaultChecked="{{true}}"
        size="large"
        variant="outline"
      />
    </wx-view>
    <wx-view
      class="block"
    >
      <wx-text>
        light-outline
      </wx-text>
      <t-check-tag
        content="{{
          Array [
            "已选中态",
            "未选中态",
          ]
        }}"
        size="large"
        variant="light-outline"
      />
      <t-check-tag
        content="{{
          Array [
            "已选中态",
            "未选中态",
          ]
        }}"
        defaultChecked="{{true}}"
        size="large"
        variant="light-outline"
      />
    </wx-view>
  </wx-view>
</checkable>
`;

exports[`Tag Tag closable demo works fine 1`] = `
<closable>
  <wx-view
    class="demo"
  >
    <t-tag
      closable="{{true}}"
      variant="light"
      bind:close="handleClose0"
    >
      文字标签
    </t-tag>
    <t-tag
      closable="{{true}}"
      variant="outline"
      bind:close="handleClose1"
    >
      文字标签
    </t-tag>
  </wx-view>
</closable>
`;

exports[`Tag Tag size demo works fine 1`] = `
<size>
  <wx-view
    class="block"
  >
    <t-tag
      size="extra-large"
      variant="light"
    >
      加大尺寸
    </t-tag>
    <t-tag
      size="large"
      variant="light"
    >
      大尺寸
    </t-tag>
    <t-tag
      size="medium"
      variant="light"
    >
      中尺寸
    </t-tag>
    <t-tag
      size="small"
      variant="light"
    >
      小尺寸
    </t-tag>
  </wx-view>
  <wx-view
    class="block"
  >
    <t-tag
      closable="{{true}}"
      size="extra-large"
      variant="light"
    >
      加大尺寸
    </t-tag>
    <t-tag
      closable="{{true}}"
      size="large"
      variant="light"
    >
      大尺寸
    </t-tag>
    <t-tag
      closable="{{true}}"
      size="medium"
      variant="light"
    >
      中尺寸
    </t-tag>
    <t-tag
      closable="{{true}}"
      size="small"
      variant="light"
    >
      小尺寸
    </t-tag>
  </wx-view>
</size>
`;

exports[`Tag Tag theme demo works fine 1`] = `
<theme>
  <wx-view
    class="block"
  >
    <t-tag
      variant="light"
    >
      默认
    </t-tag>
    <t-tag
      theme="primary"
      variant="light"
    >
      主要
    </t-tag>
    <t-tag
      theme="warning"
      variant="light"
    >
      警告
    </t-tag>
    <t-tag
      theme="danger"
      variant="light"
    >
      危险
    </t-tag>
    <t-tag
      theme="success"
      variant="light"
    >
      成功
    </t-tag>
  </wx-view>
  <wx-view
    class="block"
  >
    <t-tag>
      默认
    </t-tag>
    <t-tag
      theme="primary"
    >
      主要
    </t-tag>
    <t-tag
      theme="warning"
    >
      警告
    </t-tag>
    <t-tag
      theme="danger"
    >
      危险
    </t-tag>
    <t-tag
      theme="success"
    >
      成功
    </t-tag>
  </wx-view>
  <wx-view
    class="block"
  >
    <t-tag
      variant="outline"
    >
      默认
    </t-tag>
    <t-tag
      theme="primary"
      variant="outline"
    >
      主要
    </t-tag>
    <t-tag
      theme="warning"
      variant="outline"
    >
      警告
    </t-tag>
    <t-tag
      theme="danger"
      variant="outline"
    >
      危险
    </t-tag>
    <t-tag
      theme="success"
      variant="outline"
    >
      成功
    </t-tag>
  </wx-view>
  <wx-view
    class="block"
  >
    <t-tag
      variant="light-outline"
    >
      默认
    </t-tag>
    <t-tag
      theme="primary"
      variant="light-outline"
    >
      主要
    </t-tag>
    <t-tag
      theme="warning"
      variant="light-outline"
    >
      警告
    </t-tag>
    <t-tag
      theme="danger"
      variant="light-outline"
    >
      危险
    </t-tag>
    <t-tag
      theme="success"
      variant="light-outline"
    >
      成功
    </t-tag>
  </wx-view>
</theme>
`;

exports[`Tag Tag type demo works fine 1`] = `
<type>
  <wx-view
    class="demo"
  >
    <wx-view
      class="demo-desc"
    >
      基础标签
    </wx-view>
    <t-tag
      variant="light"
    >
      标签文字
    </t-tag>
    <t-tag
      variant="outline"
    >
      标签文字
    </t-tag>
  </wx-view>
  <wx-view
    class="demo"
  >
    <wx-view
      class="demo-desc"
    >
      圆弧标签
    </wx-view>
    <t-tag
      shape="round"
      variant="light"
    >
      标签文字
    </t-tag>
    <t-tag
      shape="round"
      variant="outline"
    >
      标签文字
    </t-tag>
    <t-tag
      shape="mark"
      variant="outline"
    >
      标签文字
    </t-tag>
  </wx-view>
  <wx-view
    class="demo"
  >
    <wx-view
      class="demo-desc"
    >
      带图标的标签
    </wx-view>
    <t-tag
      icon="discount"
      variant="light"
    >
       标签文字 
    </t-tag>
    <t-tag
      icon="discount"
      variant="outline"
    >
       标签文字 
    </t-tag>
  </wx-view>
  <wx-view
    class="demo"
  >
    <wx-view
      class="demo-desc"
    >
      超长省略文本标签
    </wx-view>
    <t-tag
      maxWidth="{{130}}"
      variant="light"
    >
      超长省略文本标签超长省略文本标签
    </t-tag>
  </wx-view>
</type>
`;
